python : Traceback (most recent 
call last):
At line:1 char:1
+ python backtest_engine.py --start 
2026-01-01 --end 2026-01-31 --use-c 
...
+ ~~~~~~~~~~~~~~~~~~~~~~~~~~~~~~~~~~
~~~~~~~~~~~~~~~~~~~~~~~~~~~~~~~~~~~
    + CategoryInfo          : NotSp 
   ecified: (Traceback (most recen  
  t call last)::String) [], Remot   
 eException
    + FullyQualifiedErrorId : Nativ 
   eCommandError
 
  File "C:\Users\Rahul Sharma\AppDat
a\Roaming\Python\Python313\site-pack
ages\pandas\core\indexes\base.py", 
line 3641, in get_loc
    return 
self._engine.get_loc(casted_key)
           
~~~~~~~~~~~~~~~~~~~~^^^^^^^^^^^^
  File "pandas/_libs/index.pyx", 
line 168, in pandas._libs.index.Inde
xEngine.get_loc
  File "pandas/_libs/index.pyx", 
line 197, in pandas._libs.index.Inde
xEngine.get_loc
  File "pandas/_libs/hashtable_class
_helper.pxi", line 7668, in pandas._
libs.hashtable.PyObjectHashTable.get
_item
  File "pandas/_libs/hashtable_class
_helper.pxi", line 7676, in pandas._
libs.hashtable.PyObjectHashTable.get
_item
KeyError: 'Date'

The above exception was the direct 
cause of the following exception:

Traceback (most recent call last):
  File "D:\GITHUB RAAHI\trading-algo
\backtest_engine.py", line 166, in 
<module>
    data = 
engine.load_csv_data(args.csv_path)
  File "D:\GITHUB RAAHI\trading-algo
\backtest_engine.py", line 61, in 
load_csv_data
    self.csv_provider = 
CSVDataProvider(downloads_path)
                        
~~~~~~~~~~~~~~~^^^^^^^^^^^^^^^^
  File "D:\GITHUB RAAHI\trading-algo
\brokers\integrations\backtest\csv_p
rovider.py", line 14, in __init__
    self._load_data()
    ~~~~~~~~~~~~~~~^^
  File "D:\GITHUB RAAHI\trading-algo
\brokers\integrations\backtest\csv_p
rovider.py", line 34, in _load_data
    self.ce_data['Date'] = 
pd.to_datetime(self.ce_data['Date'])
                                    
      ~~~~~~~~~~~~^^^^^^^^
  File "C:\Users\Rahul Sharma\AppDat
a\Roaming\Python\Python313\site-pack
ages\pandas\core\frame.py", line 
4378, in __getitem__
    indexer = 
self.columns.get_loc(key)
  File "C:\Users\Rahul Sharma\AppDat
a\Roaming\Python\Python313\site-pack
ages\pandas\core\indexes\base.py", 
line 3648, in get_loc
    raise KeyError(key) from err
KeyError: 'Date'
